  % Total    % Received % Xferd  Average Speed  Time    Time    Time   Current
                                 Dload  Upload  Total   Spent   Left   Speed
  0      0   0      0   0      0      0      0                              0100     72 100     72   0      0    156      0                              0100     72 100     72   0      0    155      0                              0100     72 100     72   0      0    154      0                              0
HTTP/2 404 
x-powered-by: Express
vary: Origin
access-control-allow-credentials: true
content-type: application/json; charset=utf-8
content-length: 72
etag: W/"48-ZgfXC9xKvg7z0VrSV8kMQP9xvkI"
date: Sat, 31 Jan 2026 11:16:02 GMT
via: 2 fly.io, 2 fly.io
fly-request-id: 01KG9W8QZTMBHB912V8EA4CXVW-cdg
server: Fly/c3040578e (2026-01-27)

{"success":false,"error":"Route GET /api/v1/hospitals/search not found"}